<html>
<body>
<pre>
<h1>µVision Build Log</h1>
<h2>Tool Versions:</h2>
IDE-Version: µVision V5.22.0.0
Copyright (C) 2016 ARM Ltd and ARM Germany GmbH. All rights reserved.
License Information: Chris Di Betta, McGill, LIC=----
 
Tool Versions:
Toolchain:       MDK-Lite  Version: 5.22
Toolchain Path:  C:\Keil_v5\ARM\ARMCC\Bin
C Compiler:      Armcc.exe V5.06 update 4 (build 422)
Assembler:       Armasm.exe V5.06 update 4 (build 422)
Linker/Locator:  ArmLink.exe V5.06 update 4 (build 422)
Library Manager: ArmAr.exe V5.06 update 4 (build 422)
Hex Converter:   FromElf.exe V5.06 update 4 (build 422)
CPU DLL:         SARMCM3.DLL V5.22
Dialog DLL:      DCM.DLL V1.13.9.0
Target DLL:      STLink\ST-LINKIII-KEIL_SWO.dll V2.0.18.0
Dialog DLL:      TCM.DLL V1.21.0.0
 
<h2>Project:</h2>
C:\Users\chris\Documents\ECSE 426\w2017_ecse426_g7\BLE_SampleProject\BLE_SampleProject.uvprojx
Project File Date:  04/05/2017

<h2>Output:</h2>
*** Using Compiler 'V5.06 update 4 (build 422)', folder: 'C:\Keil_v5\ARM\ARMCC\Bin'
Build target 'Application'
compiling main.c...
Src\main.c(278): warning:  #177-D: variable "status"  was declared but never referenced
  		HAL_StatusTypeDef status = HAL_TIMEOUT;
Src\main.c(320): warning:  #111-D: statement is unreachable
  	receive();
Src\main.c(247): warning:  #177-D: variable "vals"  was declared but never referenced
  	int* vals;
Src\main.c(248): warning:  #177-D: variable "vals2"  was declared but never referenced
  	int* vals2;
Src\main.c(249): warning:  #177-D: variable "vals3"  was declared but never referenced
  	int* vals3;
Src\main.c(250): warning:  #177-D: variable "i"  was declared but never referenced
  	int i = 0;
Src\main.c(254): warning:  #177-D: variable "a"  was declared but never referenced
  	uint8_t a[] = {6};
Src\main.c: 7 warnings, 0 errors
linking...
Program Size: Code=14960 RO-data=544 RW-data=108 ZI-data=5332  
".\Objects\BLE_SampleProject.axf" - 0 Error(s), 7 Warning(s).

<h2>Software Packages used:</h2>

Package Vendor: Keil
                http://www.keil.com/pack/Keil.ARM_Compiler.1.2.0.pack
                Keil.ARM Compiler::Compiler:I/O:STDOUT:ITM:1.1.0
                Keil ARM Compiler extensions
   * Component: STDOUT Variant: ITM Version: 1.1.0

<h2>Collection of Component include folders:</h2>
  C:\Users\chris\Documents\ECSE 426\w2017_ecse426_g7\BLE_SampleProject\RTE\_Application
  C:\Keil_v5\ARM\PACK\Keil\STM32F4xx_DFP\2.11.0\Drivers\CMSIS\Device\ST\STM32F4xx\Include

<h2>Collection of Component Files used:</h2>

   * Component: Keil.ARM Compiler::Compiler:I/O:STDOUT:ITM:1.1.0
      Source file:   Source\retarget_io.c
Build Time Elapsed:  00:00:02
</pre>
</body>
</html>
